// Vitest Snapshot v1, https://vitest.dev/guide/snapshot.html

exports[`should export stable 1`] = `
{
  "AbstractProtoDescriptor": [Function],
  "AppGraph": [Function],
  "ClassProtoDescriptor": [Function],
  "ClassUtil": [Function],
  "ClazzMap": [Function],
  "ConfigSourceLoadUnitHook": [Function],
  "EggInnerObjectPrototypeImpl": [Function],
  "EggLoadUnitType": {
    "APP": "APP",
    "MODULE": "MODULE",
    "PLUGIN": "PLUGIN",
  },
  "EggPrototypeBuilder": [Function],
  "EggPrototypeCreatorFactory": [Function],
  "EggPrototypeFactory": [Function],
  "EggPrototypeImpl": [Function],
  "EggPrototypeLifecycleUtil": {
    "clearObjectLifecycle": [Function],
    "deleteLifecycle": [Function],
    "deleteObjectLifecycle": [Function],
    "getLifecycleHook": [Function],
    "getLifecycleList": [Function],
    "getObjectLifecycleList": [Function],
    "objectPostCreate": [Function],
    "objectPreCreate": [Function],
    "objectPreDestroy": [Function],
    "registerLifecycle": [Function],
    "registerObjectLifecycle": [Function],
  },
  "EggPrototypeNotFound": [Function],
  "ErrorCodes": {
    "EGG_PROTO_NOT_FOUND": "EGG_PROTO_NOT_FOUND",
    "INCOMPATIBLE_PROTO_INJECT": "INCOMPATIBLE_PROTO_INJECT",
    "MULTI_PROTO_FOUND": "MULTI_PROTO_FOUND",
  },
  "GlobalGraph": [Function],
  "GlobalModuleNode": [Function],
  "GlobalModuleNodeBuilder": [Function],
  "IncompatibleProtoInject": [Function],
  "InjectObjectPrototypeFinder": [Function],
  "LoadUnitFactory": [Function],
  "LoadUnitLifecycleUtil": {
    "clearObjectLifecycle": [Function],
    "deleteLifecycle": [Function],
    "deleteObjectLifecycle": [Function],
    "getLifecycleHook": [Function],
    "getLifecycleList": [Function],
    "getObjectLifecycleList": [Function],
    "objectPostCreate": [Function],
    "objectPreCreate": [Function],
    "objectPreDestroy": [Function],
    "registerLifecycle": [Function],
    "registerObjectLifecycle": [Function],
  },
  "LoadUnitMultiInstanceProtoHook": [Function],
  "ModuleDependencyMeta": [Function],
  "ModuleDescriptorDumper": [Function],
  "ModuleGraph": [Function],
  "ModuleLoadUnit": [Function],
  "ModuleNode": [Function],
  "MultiPrototypeFound": [Function],
  "ProtoDependencyMeta": [Function],
  "ProtoDescriptorHelper": [Function],
  "ProtoDescriptorType": {
    "CLASS": "CLASS",
  },
  "ProtoGraphUtils": [Function],
  "ProtoNode": [Function],
  "TeggError": [Function],
  "eggPrototypeLifecycleUtilFromBag": [Function],
  "loadUnitLifecycleUtilFromBag": [Function],
}
`;
