// Vitest Snapshot v1, https://vitest.dev/guide/snapshot.html

exports[`should export stable 1`] = `
{
  "AbstractEggContext": [Function],
  "ContextHandler": [Function],
  "ContextInitiator": [Function],
  "ContextObjectGraph": [Function],
  "EggAlwaysNewObjectContainer": [Function],
  "EggContainerFactory": [Function],
  "EggContextLifecycleUtil": {
    "clearObjectLifecycle": [Function],
    "deleteLifecycle": [Function],
    "deleteObjectLifecycle": [Function],
    "getLifecycleHook": [Function],
    "getLifecycleList": [Function],
    "getObjectLifecycleList": [Function],
    "objectPostCreate": [Function],
    "objectPreCreate": [Function],
    "objectPreDestroy": [Function],
    "registerLifecycle": [Function],
    "registerObjectLifecycle": [Function],
  },
  "EggObjectFactory": [Function],
  "EggObjectImpl": [Function],
  "EggObjectLifecycleUtil": {
    "clearObjectLifecycle": [Function],
    "deleteLifecycle": [Function],
    "deleteObjectLifecycle": [Function],
    "getLifecycleHook": [Function],
    "getLifecycleList": [Function],
    "getObjectLifecycleList": [Function],
    "objectPostCreate": [Function],
    "objectPreCreate": [Function],
    "objectPreDestroy": [Function],
    "registerLifecycle": [Function],
    "registerObjectLifecycle": [Function],
  },
  "EggObjectStatus": {
    "DESTROYED": "DESTROYED",
    "DESTROYING": "DESTROYING",
    "ERROR": "ERROR",
    "PENDING": "PENDING",
    "READY": "READY",
  },
  "EggObjectUtil": [Function],
  "LoadUnitInstanceFactory": [Function],
  "LoadUnitInstanceLifecycleUtil": {
    "clearObjectLifecycle": [Function],
    "deleteLifecycle": [Function],
    "deleteObjectLifecycle": [Function],
    "getLifecycleHook": [Function],
    "getLifecycleList": [Function],
    "getObjectLifecycleList": [Function],
    "objectPostCreate": [Function],
    "objectPreCreate": [Function],
    "objectPreDestroy": [Function],
    "registerLifecycle": [Function],
    "registerObjectLifecycle": [Function],
  },
  "ModuleLoadUnitInstance": [Function],
  "eggContextLifecycleUtilFromBag": [Function],
  "eggObjectLifecycleUtilFromBag": [Function],
  "loadUnitInstanceLifecycleUtilFromBag": [Function],
}
`;
