// Vitest Snapshot v1, https://vitest.dev/guide/snapshot.html

exports[`should ajv exports stable 1`] = `
{
  "AjvInvalidParamError": [Function],
  "Any": [Function],
  "Array": [Function],
  "ArrayOptions": [Function],
  "AsyncIterator": [Function],
  "AsyncIteratorOptions": [Function],
  "Awaited": [Function],
  "AwaitedDeferred": [Function],
  "AwaitedInstantiate": [Function],
  "Base": [Function],
  "BigInt": [Function],
  "BigIntPattern": "-?(?:0|[1-9][0-9]*)n",
  "Boolean": [Function],
  "Broaden": [Function],
  "Call": [Function],
  "CallConstruct": [Function],
  "Capitalize": [Function],
  "CapitalizeDeferred": [Function],
  "CapitalizeInstantiate": [Function],
  "Codec": [Function],
  "CollapseToObject": [Function],
  "Compare": [Function],
  "Composite": [Function],
  "Conditional": [Function],
  "ConditionalDeferred": [Function],
  "ConditionalInstantiate": [Function],
  "Constructor": [Function],
  "ConstructorOptions": [Function],
  "ConstructorParameters": [Function],
  "ConstructorParametersDeferred": [Function],
  "ConstructorParametersInstantiate": [Function],
  "ConvertToIntegerKey": [Function],
  "Cyclic": [Function],
  "CyclicCandidates": [Function],
  "CyclicCheck": [Function],
  "CyclicDependencies": [Function],
  "CyclicExtends": [Function],
  "CyclicOptions": [Function],
  "CyclicTarget": [Function],
  "Decode": [Function],
  "DecodeBuilder": [Function],
  "Deferred": [Function],
  "Distribute": [Function],
  "Encode": [Function],
  "EncodeBuilder": [Function],
  "Enum": [Function],
  "EnumToUnion": [Function],
  "EnumValuesToUnion": [Function],
  "EnumValuesToVariants": [Function],
  "Evaluate": [Function],
  "EvaluateDeferred": [Function],
  "EvaluateInstantiate": [Function],
  "EvaluateIntersect": [Function],
  "EvaluateType": [Function],
  "EvaluateUnion": [Function],
  "Exclude": [Function],
  "ExcludeDeferred": [Function],
  "ExcludeInstantiate": [Function],
  "Extends": [Function],
  "ExtendsResult": {
    "ExtendsFalse": [Function],
    "ExtendsTrue": [Function],
    "ExtendsUnion": [Function],
    "IsExtendsFalse": [Function],
    "IsExtendsTrue": [Function],
    "IsExtendsTrueLike": [Function],
    "IsExtendsUnion": [Function],
  },
  "Extract": [Function],
  "ExtractDeferred": [Function],
  "ExtractInstantiate": [Function],
  "Flatten": [Function],
  "Function": [Function],
  "FunctionOptions": [Function],
  "Generic": [Function],
  "Identifier": [Function],
  "Immutable": [Function],
  "ImmutableAdd": [Function],
  "ImmutableRemove": [Function],
  "Index": [Function],
  "IndexDeferred": [Function],
  "IndexInstantiate": [Function],
  "Infer": [Function],
  "InstanceType": [Function],
  "InstanceTypeDeferred": [Function],
  "InstanceTypeImmediate": [Function],
  "InstanceTypeInstantiate": [Function],
  "Instantiate": [Function],
  "InstantiateCyclic": [Function],
  "Integer": [Function],
  "IntegerKey": "^-?(?:0|[1-9][0-9]*)$",
  "IntegerPattern": "-?(?:0|[1-9][0-9]*)",
  "Interface": [Function],
  "InterfaceDeferred": [Function],
  "InterfaceInstantiate": [Function],
  "Intersect": [Function],
  "IntersectOptions": [Function],
  "InvalidLiteralValue": [Function],
  "IsAny": [Function],
  "IsArray": [Function],
  "IsAsyncIterator": [Function],
  "IsBase": [Function],
  "IsBigInt": [Function],
  "IsBoolean": [Function],
  "IsCall": [Function],
  "IsCodec": [Function],
  "IsConstructor": [Function],
  "IsCyclic": [Function],
  "IsDeferred": [Function],
  "IsEnum": [Function],
  "IsFunction": [Function],
  "IsGeneric": [Function],
  "IsIdentifier": [Function],
  "IsImmutable": [Function],
  "IsInfer": [Function],
  "IsInteger": [Function],
  "IsInterfaceDeferred": [Function],
  "IsIntersect": [Function],
  "IsIterator": [Function],
  "IsKind": [Function],
  "IsLiteral": [Function],
  "IsLiteralBigInt": [Function],
  "IsLiteralBoolean": [Function],
  "IsLiteralNumber": [Function],
  "IsLiteralString": [Function],
  "IsLiteralValue": [Function],
  "IsNever": [Function],
  "IsNull": [Function],
  "IsNumber": [Function],
  "IsObject": [Function],
  "IsOptional": [Function],
  "IsOptionalAddAction": [Function],
  "IsOptionalRemoveAction": [Function],
  "IsParameter": [Function],
  "IsPromise": [Function],
  "IsReadonly": [Function],
  "IsReadonlyAddAction": [Function],
  "IsReadonlyRemoveAction": [Function],
  "IsRecord": [Function],
  "IsRef": [Function],
  "IsRefine": [Function],
  "IsRest": [Function],
  "IsSchema": [Function],
  "IsString": [Function],
  "IsSymbol": [Function],
  "IsTemplateLiteral": [Function],
  "IsThis": [Function],
  "IsTuple": [Function],
  "IsTypeScriptEnumLike": [Function],
  "IsUndefined": [Function],
  "IsUnion": [Function],
  "IsUnknown": [Function],
  "IsUnsafe": [Function],
  "IsVoid": [Function],
  "Iterator": [Function],
  "IteratorOptions": [Function],
  "KeyOf": [Function],
  "KeyOfAction": [Function],
  "KeyOfDeferred": [Function],
  "KeyOfImmediate": [Function],
  "KeyOfInstantiate": [Function],
  "KeysToIndexer": [Function],
  "Literal": [Function],
  "LiteralTypeName": [Function],
  "Lowercase": [Function],
  "LowercaseDeferred": [Function],
  "LowercaseInstantiate": [Function],
  "Mapped": [Function],
  "MappedDeferred": [Function],
  "MappedInstantiate": [Function],
  "Module": [Function],
  "ModuleDeferred": [Function],
  "ModuleInstantiate": [Function],
  "Narrow": [Function],
  "Never": [Function],
  "NeverPattern": "(?!)",
  "NonNullable": [Function],
  "NonNullableDeferred": [Function],
  "NonNullableInstantiate": [Function],
  "Null": [Function],
  "Number": [Function],
  "NumberKey": "^-?(?:0|[1-9][0-9]*)(?:.[0-9]+)?$",
  "NumberPattern": "-?(?:0|[1-9][0-9]*)(?:.[0-9]+)?",
  "Object": [Function],
  "ObjectOptions": [Function],
  "Omit": [Function],
  "OmitDeferred": [Function],
  "OmitInstantiate": [Function],
  "Optional": [Function],
  "OptionalAdd": [Function],
  "OptionalAddAction": [Function],
  "OptionalRemove": [Function],
  "OptionalRemoveAction": [Function],
  "Options": [Function],
  "OptionsDeferred": [Function],
  "OptionsInstantiate": [Function],
  "Parameter": [Function],
  "Parameters": [Function],
  "ParametersDeferred": [Function],
  "ParametersInstantiate": [Function],
  "ParsePatternIntoTypes": [Function],
  "ParseTemplateIntoTypes": [Function],
  "Partial": [Function],
  "PartialDeferred": [Function],
  "PartialInstantiate": [Function],
  "Pick": [Function],
  "PickDeferred": [Function],
  "PickInstantiate": [Function],
  "Promise": [Function],
  "PromiseOptions": [Function],
  "PropertyKeys": [Function],
  "PropertyValues": [Function],
  "Readonly": [Function],
  "ReadonlyAdd": [Function],
  "ReadonlyAddAction": [Function],
  "ReadonlyRemove": [Function],
  "ReadonlyRemoveAction": [Function],
  "ReadonlyType": [Function],
  "ReadonlyTypeDeferred": [Function],
  "ReadonlyTypeInstantiate": [Function],
  "Record": [Function],
  "RecordConstruct": [Function],
  "RecordDeferred": [Function],
  "RecordFromPattern": [Function],
  "RecordInstantiate": [Function],
  "RecordKey": [Function],
  "RecordOptions": [Function],
  "RecordPattern": [Function],
  "RecordValue": [Function],
  "Ref": [Function],
  "RefInstantiate": [Function],
  "Refine": [Function],
  "RefineAdd": [Function],
  "Required": [Function],
  "RequiredArray": [Function],
  "RequiredDeferred": [Function],
  "RequiredInstantiate": [Function],
  "Rest": [Function],
  "ResultDisjoint": "disjoint",
  "ResultEqual": "equal",
  "ResultLeftInside": "left-inside",
  "ResultRightInside": "right-inside",
  "ReturnType": [Function],
  "ReturnTypeDeferred": [Function],
  "ReturnTypeInstantiate": [Function],
  "Script": [Function],
  "String": [Function],
  "StringKey": "^.*$",
  "StringPattern": ".*",
  "Symbol": [Function],
  "TemplateLiteral": [Function],
  "TemplateLiteralCreate": [Function],
  "TemplateLiteralDecode": [Function],
  "TemplateLiteralDeferred": [Function],
  "TemplateLiteralEncode": [Function],
  "TemplateLiteralFinite": [Function],
  "TemplateLiteralFromString": [Function],
  "TemplateLiteralFromTypes": [Function],
  "This": [Function],
  "TransformEnum": {
    "toEnumCase": "toEnumCase",
    "toLowerCase": "toLowerCase",
    "toUpperCase": "toUpperCase",
    "trim": "trim",
    "trimEnd": "trimEnd",
    "trimLeft": "trimLeft",
    "trimRight": "trimRight",
    "trimStart": "trimStart",
  },
  "Tuple": [Function],
  "TupleOptions": [Function],
  "Type": {
    "Any": [Function],
    "Array": [Function],
    "AsyncIterator": [Function],
    "Awaited": [Function],
    "Base": [Function],
    "BigInt": [Function],
    "Boolean": [Function],
    "Call": [Function],
    "Capitalize": [Function],
    "Codec": [Function],
    "Conditional": [Function],
    "Constructor": [Function],
    "ConstructorParameters": [Function],
    "Cyclic": [Function],
    "Decode": [Function],
    "DecodeBuilder": [Function],
    "Encode": [Function],
    "EncodeBuilder": [Function],
    "Enum": [Function],
    "Evaluate": [Function],
    "Exclude": [Function],
    "Extends": [Function],
    "ExtendsResult": {
      "ExtendsFalse": [Function],
      "ExtendsTrue": [Function],
      "ExtendsUnion": [Function],
      "IsExtendsFalse": [Function],
      "IsExtendsTrue": [Function],
      "IsExtendsTrueLike": [Function],
      "IsExtendsUnion": [Function],
    },
    "Extract": [Function],
    "Function": [Function],
    "Generic": [Function],
    "Identifier": [Function],
    "Immutable": [Function],
    "Index": [Function],
    "Infer": [Function],
    "InstanceType": [Function],
    "Instantiate": [Function],
    "Integer": [Function],
    "Interface": [Function],
    "Intersect": [Function],
    "IsAny": [Function],
    "IsArray": [Function],
    "IsAsyncIterator": [Function],
    "IsBase": [Function],
    "IsBigInt": [Function],
    "IsBoolean": [Function],
    "IsCall": [Function],
    "IsCodec": [Function],
    "IsConstructor": [Function],
    "IsCyclic": [Function],
    "IsEnum": [Function],
    "IsFunction": [Function],
    "IsGeneric": [Function],
    "IsIdentifier": [Function],
    "IsImmutable": [Function],
    "IsInfer": [Function],
    "IsInteger": [Function],
    "IsIntersect": [Function],
    "IsIterator": [Function],
    "IsKind": [Function],
    "IsLiteral": [Function],
    "IsNever": [Function],
    "IsNull": [Function],
    "IsNumber": [Function],
    "IsObject": [Function],
    "IsOptional": [Function],
    "IsParameter": [Function],
    "IsPromise": [Function],
    "IsReadonly": [Function],
    "IsRecord": [Function],
    "IsRef": [Function],
    "IsRefine": [Function],
    "IsRest": [Function],
    "IsSchema": [Function],
    "IsString": [Function],
    "IsSymbol": [Function],
    "IsTemplateLiteral": [Function],
    "IsThis": [Function],
    "IsTuple": [Function],
    "IsUndefined": [Function],
    "IsUnion": [Function],
    "IsUnknown": [Function],
    "IsUnsafe": [Function],
    "IsVoid": [Function],
    "Iterator": [Function],
    "KeyOf": [Function],
    "Literal": [Function],
    "Lowercase": [Function],
    "Mapped": [Function],
    "Module": [Function],
    "Never": [Function],
    "NonNullable": [Function],
    "Null": [Function],
    "Number": [Function],
    "Object": [Function],
    "Omit": [Function],
    "Optional": [Function],
    "Options": [Function],
    "Parameter": [Function],
    "Parameters": [Function],
    "Partial": [Function],
    "Pick": [Function],
    "Promise": [Function],
    "Readonly": [Function],
    "ReadonlyType": [Function],
    "Record": [Function],
    "RecordKey": [Function],
    "RecordKeyAsPattern": [Function],
    "RecordValue": [Function],
    "Ref": [Function],
    "Refine": [Function],
    "Required": [Function],
    "Rest": [Function],
    "ReturnType": [Function],
    "Script": [Function],
    "String": [Function],
    "Symbol": [Function],
    "TemplateLiteral": [Function],
    "This": [Function],
    "Tuple": [Function],
    "Uncapitalize": [Function],
    "Undefined": [Function],
    "Union": [Function],
    "Unknown": [Function],
    "Unsafe": [Function],
    "Uppercase": [Function],
    "Void": [Function],
  },
  "TypeScriptEnumToEnumValues": [Function],
  "Uncapitalize": [Function],
  "UncapitalizeDeferred": [Function],
  "UncapitalizeInstantiate": [Function],
  "Undefined": [Function],
  "Union": [Function],
  "UnionOptions": [Function],
  "Unknown": [Function],
  "Unsafe": [Function],
  "Uppercase": [Function],
  "UppercaseDeferred": [Function],
  "UppercaseInstantiate": [Function],
  "Void": [Function],
}
`;
