// Vitest Snapshot v1, https://vitest.dev/guide/snapshot.html

exports[`should helper exports stable 1`] = `
{
  "AbstractEggContext": [Function],
  "AbstractProtoDescriptor": [Function],
  "AppGraph": [Function],
  "ClassProtoDescriptor": [Function],
  "ClassUtil": [Function],
  "ClazzMap": [Function],
  "ContextHandler": [Function],
  "ContextInitiator": [Function],
  "ContextObjectGraph": [Function],
  "EggAlwaysNewObjectContainer": [Function],
  "EggContainerFactory": [Function],
  "EggContextLifecycleUtil": LifecycleUtil {
    "lifecycleSet": Set {},
    "objLifecycleSet": Map {},
  },
  "EggLoadUnitType": {
    "APP": "APP",
    "MODULE": "MODULE",
    "PLUGIN": "PLUGIN",
  },
  "EggObjectFactory": [Function],
  "EggObjectImpl": [Function],
  "EggObjectLifecycleUtil": LifecycleUtil {
    "lifecycleSet": Set {},
    "objLifecycleSet": Map {},
  },
  "EggObjectStatus": {
    "DESTROYED": "DESTROYED",
    "DESTROYING": "DESTROYING",
    "ERROR": "ERROR",
    "PENDING": "PENDING",
    "READY": "READY",
  },
  "EggObjectUtil": [Function],
  "EggPrototypeBuilder": [Function],
  "EggPrototypeCreatorFactory": [Function],
  "EggPrototypeFactory": [Function],
  "EggPrototypeImpl": [Function],
  "EggPrototypeLifecycleUtil": LifecycleUtil {
    "lifecycleSet": Set {},
    "objLifecycleSet": Map {},
  },
  "EggPrototypeNotFound": [Function],
  "ErrorCodes": {
    "EGG_PROTO_NOT_FOUND": "EGG_PROTO_NOT_FOUND",
    "INCOMPATIBLE_PROTO_INJECT": "INCOMPATIBLE_PROTO_INJECT",
    "MULTI_PROTO_FOUND": "MULTI_PROTO_FOUND",
  },
  "FSUtil": [Function],
  "GlobalGraph": [Function],
  "GlobalModuleNode": [Function],
  "GlobalModuleNodeBuilder": [Function],
  "Graph": [Function],
  "GraphNode": [Function],
  "GraphPath": [Function],
  "IncompatibleProtoInject": [Function],
  "LoadUnitFactory": [Function],
  "LoadUnitInstanceFactory": [Function],
  "LoadUnitInstanceLifecycleUtil": LifecycleUtil {
    "lifecycleSet": Set {},
    "objLifecycleSet": Map {},
  },
  "LoadUnitLifecycleUtil": LifecycleUtil {
    "lifecycleSet": Set {},
    "objLifecycleSet": Map {},
  },
  "LoadUnitMultiInstanceProtoHook": [Function],
  "LoaderFactory": [Function],
  "LoaderUtil": [Function],
  "MapUtil": [Function],
  "ModuleConfigUtil": [Function],
  "ModuleConfigs": [Function],
  "ModuleDependencyMeta": [Function],
  "ModuleDescriptorDumper": [Function],
  "ModuleGraph": [Function],
  "ModuleLoadUnit": [Function],
  "ModuleLoadUnitInstance": [Function],
  "ModuleLoader": [Function],
  "ModuleNode": [Function],
  "ModuleReferenceConfigHelp": [Function],
  "MultiPrototypeFound": [Function],
  "NameUtil": [Function],
  "ObjectUtils": [Function],
  "ProtoDependencyMeta": [Function],
  "ProtoDescriptorHelper": [Function],
  "ProtoDescriptorType": {
    "CLASS": "CLASS",
  },
  "ProtoNode": [Function],
  "ProxyUtil": [Function],
  "StackUtil": [Function],
  "StreamUtil": [Function],
  "TEGG_MANIFEST_KEY": "tegg",
  "TeggError": [Function],
  "TimerUtil": [Function],
}
`;
