// Vitest Snapshot v1, https://vitest.dev/guide/snapshot.html

exports[`should export stable 1`] = `
{
  "Acl": [Function],
  "AgentErrorCode": {
    "ExecError": "EXEC_ERROR",
  },
  "AgentObjectType": {
    "Thread": "thread",
    "ThreadMessage": "thread.message",
    "ThreadMessageDelta": "thread.message.delta",
    "ThreadRun": "thread.run",
  },
  "AgentSSEEvent": {
    "Done": "done",
    "ThreadMessageCompleted": "thread.message.completed",
    "ThreadMessageCreated": "thread.message.created",
    "ThreadMessageDelta": "thread.message.delta",
    "ThreadRunCancelled": "thread.run.cancelled",
    "ThreadRunCompleted": "thread.run.completed",
    "ThreadRunCreated": "thread.run.created",
    "ThreadRunFailed": "thread.run.failed",
    "ThreadRunInProgress": "thread.run.in_progress",
  },
  "BodyParamMeta": [Function],
  "CONTROLLER_ACL": Symbol(EggPrototype#controller#acl),
  "CONTROLLER_AOP_MIDDLEWARES": Symbol(EggPrototype#controller#aopMiddlewares),
  "CONTROLLER_HOST": Symbol(EggPrototype#controllerHost),
  "CONTROLLER_HTTP_PATH": Symbol(EggPrototype#controller#http#path),
  "CONTROLLER_MCP_CONTROLLER_PARAMS_MAP": Symbol(EggPrototype#controller#mcp#params),
  "CONTROLLER_MCP_EXTRA_INDEX": Symbol(EggPrototype#controller#mcp#extra),
  "CONTROLLER_MCP_NAME": Symbol(EggPrototype#controller#mcp#name),
  "CONTROLLER_MCP_PROMPT_ARGS_INDEX": Symbol(EggPrototype#controller#mcp#prompt#args),
  "CONTROLLER_MCP_PROMPT_MAP": Symbol(EggPrototype#controller#mcp#prompt),
  "CONTROLLER_MCP_PROMPT_PARAMS_MAP": Symbol(EggPrototype#controller#mcp#prompt#params),
  "CONTROLLER_MCP_RESOURCE_MAP": Symbol(EggPrototype#controller#mcp#resource),
  "CONTROLLER_MCP_RESOURCE_PARAMS_MAP": Symbol(EggPrototype#controller#mcp#resource#params),
  "CONTROLLER_MCP_TOOL_ARGS_INDEX": Symbol(EggPrototype#controller#mcp#tool#args),
  "CONTROLLER_MCP_TOOL_MAP": Symbol(EggPrototype#controller#mcp#tool),
  "CONTROLLER_MCP_TOOL_PARAMS_MAP": Symbol(EggPrototype#controller#mcp#tool#params),
  "CONTROLLER_MCP_VERSION": Symbol(EggPrototype#controller#mcp#version),
  "CONTROLLER_META_DATA": Symbol(EggPrototype#controller#metaData),
  "CONTROLLER_METHOD_METHOD_MAP": Symbol(EggPrototype#controller#method#http#method),
  "CONTROLLER_METHOD_PARAM_NAME_MAP": Symbol(EggPrototype#controller#method#http#params#name),
  "CONTROLLER_METHOD_PARAM_TYPE_MAP": Symbol(EggPrototype#controller#method#http#params#type),
  "CONTROLLER_METHOD_PATH_MAP": Symbol(EggPrototype#controller#method#http#path),
  "CONTROLLER_METHOD_PRIORITY": Symbol(EggPrototype#controller#method#http#priority),
  "CONTROLLER_MIDDLEWARES": Symbol(EggPrototype#controller#middlewares),
  "CONTROLLER_NAME": Symbol(EggPrototype#controllerName),
  "CONTROLLER_TIMEOUT_METADATA": Symbol(EggPrototype#controller#timeout),
  "CONTROLLER_TYPE": Symbol(EggPrototype#controllerType),
  "ContentBlockType": {
    "Text": "text",
  },
  "ControllerInfoUtil": [Function],
  "ControllerMetaBuilderFactory": [Function],
  "ControllerMetadataUtil": [Function],
  "ControllerType": {
    "HEADERS": "HEADERS",
    "HTTP": "HTTP",
    "MCP": "MCP",
    "MESSAGE": "MESSAGE",
    "MGW_RPC": "MGW_RPC",
    "MGW_RPC_STREAM": "MGW_RPC_STREAM",
    "SCHEDULE": "SCHEDULE",
    "SOFA_RPC": "SOFA_RPC",
    "SOFA_RPC_STREAM": "SOFA_RPC_STREAM",
  },
  "ControllerValidator": [Function],
  "Cookies": [Function],
  "CookiesParamMeta": [Function],
  "Extra": [Function],
  "HTTPBody": [Function],
  "HTTPContext": [Function],
  "HTTPController": [Function],
  "HTTPControllerMeta": [Function],
  "HTTPControllerMetaBuilder": [Function],
  "HTTPControllerMethodMetaBuilder": [Function],
  "HTTPCookies": [Function],
  "HTTPHeaders": [Function],
  "HTTPInfoUtil": [Function],
  "HTTPMethod": [Function],
  "HTTPMethodEnum": {
    "DELETE": "DELETE",
    "GET": "GET",
    "HEAD": "HEAD",
    "OPTIONS": "OPTIONS",
    "PATCH": "PATCH",
    "POST": "POST",
    "PUT": "PUT",
  },
  "HTTPMethodMeta": [Function],
  "HTTPParam": [Function],
  "HTTPParamType": {
    "BODY": "BODY",
    "COOKIES": "COOKIES",
    "HEADERS": "HEADERS",
    "PARAM": "PARAM",
    "QUERIES": "QUERIES",
    "QUERY": "QUERY",
    "REQUEST": "REQUEST",
  },
  "HTTPPriorityUtil": [Function],
  "HTTPQueries": [Function],
  "HTTPQuery": [Function],
  "HTTPRequest": [Function],
  "HTTPResponse": [Function],
  "HeadersParamMeta": [Function],
  "Host": [Function],
  "InjectContext": [Function],
  "MCPController": [Function],
  "MCPControllerMeta": [Function],
  "MCPControllerMetaBuilder": [Function],
  "MCPControllerPromptMetaBuilder": [Function],
  "MCPControllerResourceMetaBuilder": [Function],
  "MCPControllerToolMetaBuilder": [Function],
  "MCPInfoUtil": [Function],
  "MCPPrompt": [Function],
  "MCPPromptMeta": [Function],
  "MCPProtocols": {
    "SSE": "SSE",
    "STDIO": "STDIO",
    "STREAM": "STREAM",
  },
  "MCPResource": [Function],
  "MCPResourceMeta": [Function],
  "MCPTool": [Function],
  "MCPToolMeta": [Function],
  "METHOD_ACL": Symbol(EggPrototype#method#acl),
  "METHOD_AOP_MIDDLEWARES": Symbol(EggPrototype#method#aopMiddlewares),
  "METHOD_AOP_REGISTER_MAP": Symbol(EggPrototype#method#aopMiddlewaresRegister),
  "METHOD_CONTEXT_INDEX": Symbol(EggPrototype#controller#method#context),
  "METHOD_CONTROLLER_HOST": Symbol(EggPrototype#controller#mthods#host),
  "METHOD_CONTROLLER_TYPE_MAP": Symbol(EggPrototype#controller#mthods),
  "METHOD_MIDDLEWARES": Symbol(EggPrototype#method#middlewares),
  "METHOD_TIMEOUT_METADATA": Symbol(EggPrototype#method#timeout),
  "MessageRole": {
    "Assistant": "assistant",
    "System": "system",
    "User": "user",
  },
  "MessageStatus": {
    "Completed": "completed",
    "InProgress": "in_progress",
    "Incomplete": "incomplete",
  },
  "MethodInfoUtil": [Function],
  "MethodType": {
    "HTTP": "HTTP",
    "MESSAGE": "MESSAGE",
    "MGW_RPC": "MGW_RPC",
    "MGW_RPC_STREAM": "MGW_RPC_STREAM",
    "SCHEDULE": "SCHEDULE",
    "SOFA_RPC": "SOFA_RPC",
    "SOFA_RPC_STREAM": "SOFA_RPC_STREAM",
  },
  "MethodValidator": [Function],
  "Middleware": [Function],
  "ParamMeta": [Function],
  "ParamMetaUtil": [Function],
  "PathParamMeta": [Function],
  "PromptArgsSchema": [Function],
  "QueriesParamMeta": [Function],
  "QueryParamMeta": [Function],
  "RequestParamMeta": [Function],
  "RunStatus": {
    "Cancelled": "cancelled",
    "Cancelling": "cancelling",
    "Completed": "completed",
    "Expired": "expired",
    "Failed": "failed",
    "InProgress": "in_progress",
    "Queued": "queued",
  },
  "ToolArgsSchema": [Function],
}
`;
