// Vitest Snapshot v1, https://vitest.dev/guide/snapshot.html

exports[`should export stable 1`] = `
{
  "Acl": [Function],
  "BodyParamMeta": [Function],
  "CONTROLLER_ACL": Symbol(EggPrototype#controller#acl),
  "CONTROLLER_AOP_MIDDLEWARES": Symbol(EggPrototype#controller#aopMiddlewares),
  "CONTROLLER_HOST": Symbol(EggPrototype#controllerHost),
  "CONTROLLER_HTTP_PATH": Symbol(EggPrototype#controller#http#path),
  "CONTROLLER_META_DATA": Symbol(EggPrototype#controller#metaData),
  "CONTROLLER_METHOD_METHOD_MAP": Symbol(EggPrototype#controller#method#http#method),
  "CONTROLLER_METHOD_PARAM_NAME_MAP": Symbol(EggPrototype#controller#method#http#params#name),
  "CONTROLLER_METHOD_PARAM_TYPE_MAP": Symbol(EggPrototype#controller#method#http#params#type),
  "CONTROLLER_METHOD_PATH_MAP": Symbol(EggPrototype#controller#method#http#path),
  "CONTROLLER_METHOD_PRIORITY": Symbol(EggPrototype#controller#method#http#priority),
  "CONTROLLER_MIDDLEWARES": Symbol(EggPrototype#controller#middlewares),
  "CONTROLLER_NAME": Symbol(EggPrototype#controllerName),
  "CONTROLLER_TYPE": Symbol(EggPrototype#controllerType),
  "Context": [Function],
  "ControllerInfoUtil": [Function],
  "ControllerMetaBuilderFactory": [Function],
  "ControllerMetadataUtil": [Function],
  "ControllerType": {
    "HEADERS": "HEADERS",
    "HTTP": "HTTP",
    "MESSAGE": "MESSAGE",
    "MGW_RPC": "MGW_RPC",
    "MGW_RPC_STREAM": "MGW_RPC_STREAM",
    "SCHEDULE": "SCHEDULE",
    "SOFA_RPC": "SOFA_RPC",
    "SOFA_RPC_STREAM": "SOFA_RPC_STREAM",
  },
  "ControllerValidator": [Function],
  "Cookies": [Function],
  "CookiesParamMeta": [Function],
  "HTTPBody": [Function],
  "HTTPController": [Function],
  "HTTPControllerMeta": [Function],
  "HTTPControllerMetaBuilder": [Function],
  "HTTPControllerMethodMetaBuilder": [Function],
  "HTTPCookies": [Function],
  "HTTPHeaders": [Function],
  "HTTPInfoUtil": [Function],
  "HTTPMethod": [Function],
  "HTTPMethodEnum": {
    "DELETE": "DELETE",
    "GET": "GET",
    "HEAD": "HEAD",
    "OPTIONS": "OPTIONS",
    "PATCH": "PATCH",
    "POST": "POST",
    "PUT": "PUT",
  },
  "HTTPMethodMeta": [Function],
  "HTTPParam": [Function],
  "HTTPParamType": {
    "BODY": "BODY",
    "COOKIES": "COOKIES",
    "HEADERS": "HEADERS",
    "PARAM": "PARAM",
    "QUERIES": "QUERIES",
    "QUERY": "QUERY",
    "REQUEST": "REQUEST",
  },
  "HTTPPriorityUtil": [Function],
  "HTTPQueries": [Function],
  "HTTPQuery": [Function],
  "HTTPRequest": [Function],
  "HTTPResponse": [Function],
  "HeadersParamMeta": [Function],
  "Host": [Function],
  "METHOD_ACL": Symbol(EggPrototype#method#acl),
  "METHOD_AOP_MIDDLEWARES": Symbol(EggPrototype#method#aopMiddlewares),
  "METHOD_AOP_REGISTER_MAP": Symbol(EggPrototype#method#aopMiddlewaresRegister),
  "METHOD_CONTEXT_INDEX": Symbol(EggPrototype#controller#method#context),
  "METHOD_CONTROLLER_HOST": Symbol(EggPrototype#controller#mthods#host),
  "METHOD_CONTROLLER_TYPE_MAP": Symbol(EggPrototype#controller#mthods),
  "METHOD_MIDDLEWARES": Symbol(EggPrototype#method#middlewares),
  "MethodInfoUtil": [Function],
  "MethodType": {
    "HTTP": "HTTP",
    "MESSAGE": "MESSAGE",
    "MGW_RPC": "MGW_RPC",
    "MGW_RPC_STREAM": "MGW_RPC_STREAM",
    "SCHEDULE": "SCHEDULE",
    "SOFA_RPC": "SOFA_RPC",
    "SOFA_RPC_STREAM": "SOFA_RPC_STREAM",
  },
  "MethodValidator": [Function],
  "Middleware": [Function],
  "ParamMeta": [Function],
  "ParamMetaUtil": [Function],
  "PathParamMeta": [Function],
  "QueriesParamMeta": [Function],
  "QueryParamMeta": [Function],
  "Request": [Function],
  "RequestParamMeta": [Function],
}
`;
