// Vitest Snapshot v1, https://vitest.dev/guide/snapshot.html

exports[`context.isSafeDomain > should return false when domains are not safe 1`] = `
{
  "csp": {
    "enable": false,
    "policy": {},
  },
  "csrf": {
    "bodyName": "_csrf",
    "cookieName": "csrfToken",
    "cookieOptions": {
      "httpOnly": false,
      "overwrite": true,
      "signed": false,
    },
    "enable": true,
    "headerName": "x-csrf-token",
    "ignoreJSON": false,
    "queryName": "_csrf",
    "refererWhiteList": [],
    "rotateWhenInvalid": false,
    "sessionName": "csrfToken",
    "supportedRequests": [
      {
        "methods": [
          "POST",
          "PATCH",
          "DELETE",
          "PUT",
          "CONNECT",
        ],
        "path": /\\^\\\\//,
      },
    ],
    "type": "ctoken",
    "useSession": false,
  },
  "defaultMiddleware": "xframe",
  "domainWhiteList": [
    ".domain.com",
    "http://www.baidu.com",
    "192.*.0.*",
    "*.alibaba.com",
  ],
  "dta": {
    "enable": true,
  },
  "hsts": {
    "enable": false,
    "includeSubdomains": false,
    "maxAge": 31536000,
  },
  "methodnoallow": {
    "enable": true,
  },
  "noopen": {
    "enable": true,
  },
  "nosniff": {
    "enable": true,
  },
  "protocolWhiteList": [],
  "referrerPolicy": {
    "enable": false,
    "value": "no-referrer-when-downgrade",
  },
  "ssrf": {},
  "xframe": {
    "enable": true,
    "matching": [Function],
    "value": "SAMEORIGIN",
  },
  "xssProtection": {
    "enable": true,
    "value": "1; mode=block",
  },
}
`;
